// Jest Snapshot v1, https://goo.gl/fbAQLP

exports[`<Label /> should render an Label component 1`] = `ShallowWrapper {}`;
