// Jest Snapshot v1, https://goo.gl/fbAQLP

exports[`<Anchor /> should render an anchor tag 1`] = `
<a
  className="Anchor"
  href="/Link"
  onClick={[Function]}
>
  Link
</a>
`;
