// Jest Snapshot v1, https://goo.gl/fbAQLP

exports[`<Checkbox /> should render an Checkbox component 1`] = `ShallowWrapper {}`;
