// Jest Snapshot v1, https://goo.gl/fbAQLP

exports[`<Header1 /> should render an Header1 component 1`] = `ShallowWrapper {}`;
