// Jest Snapshot v1, https://goo.gl/fbAQLP

exports[`<Button /> should render an Button component 1`] = `ShallowWrapper {}`;
