// Jest Snapshot v1, https://goo.gl/fbAQLP

exports[`<Paragraph /> should render an Paragraph component 1`] = `ShallowWrapper {}`;
