// Jest Snapshot v1, https://goo.gl/fbAQLP

exports[`<Subheader /> should render an Subheader component 1`] = `ShallowWrapper {}`;
